2026-08-10T03:57:42+00:00 INFO    [event=application.started] IPTV-API 版本: 3.0.0 (构建时间: 2026-08-07 11:45:59)
2026-08-10T03:57:43+00:00 INFO    [phase=prepare event=network.ipv6.checking] 🛜 正在检查当前网络是否支持IPv6...
2026-08-10T03:57:43+00:00 WARNING [phase=prepare event=network.ipv6.unsupported] 当前网络不支持IPv6，别担心，IPv6的结果会被保存下来
2026-08-10T03:57:43+00:00 INFO    [run=daedc350816c44a784672b68eb83d262 phase=prepare event=run.started] 性能模式: auto → balance，可用资源: 4.0 CPU / 15.61 GB，并发: 测速 8、媒体探测 2、源抓取 8
2026-08-10T03:57:43+00:00 INFO    [run=daedc350816c44a784672b68eb83d262 phase=prepare event=channels.catalog_loaded] 频道目录已加载：白名单 0，黑名单 2，台标 21
2026-08-10T03:57:43+00:00 INFO    [run=daedc350816c44a784672b68eb83d262 phase=fetch event=sources.subscribe.summary] 订阅源数量：6，订阅白名单数量：0，停用地址数量：0，有效总数量：6
2026-08-10T03:57:43+00:00 INFO    [run=daedc350816c44a784672b68eb83d262 phase=fetch event=progress.started] 正在进行获取订阅源  0/6
2026-08-10T03:57:43+00:00 INFO    [run=daedc350816c44a784672b68eb83d262 phase=fetch event=sources.epg.summary] EPG源数量：1，EPG白名单数量：0，停用地址数量：0，有效总数量：1
2026-08-10T03:57:43+00:00 INFO    [run=daedc350816c44a784672b68eb83d262 phase=fetch event=progress.started] 正在进行获取EPG源  0/1
2026-08-10T03:57:44+00:00 INFO    [run=daedc350816c44a784672b68eb83d262 phase=fetch event=progress.updated] 正在进行获取订阅源  1/6 (16%)  剩余 5
2026-08-10T03:57:44+00:00 INFO    [run=daedc350816c44a784672b68eb83d262 phase=fetch event=progress.updated] 正在进行获取订阅源  2/6 (33%)  剩余 4
2026-08-10T03:57:44+00:00 INFO    [run=daedc350816c44a784672b68eb83d262 phase=fetch event=progress.updated] 正在进行获取订阅源  3/6 (50%)  剩余 3
2026-08-10T03:57:44+00:00 INFO    [run=daedc350816c44a784672b68eb83d262 phase=fetch event=progress.updated] 正在进行获取订阅源  4/6 (66%)  剩余 2
2026-08-10T03:57:44+00:00 WARNING [run=daedc350816c44a784672b68eb83d262 phase=fetch event=request.retrying] 🔄 请求https://tv.iill.top/m3u/Gather失败，正在进行第1次重试...
2026-08-10T03:57:45+00:00 INFO    [run=daedc350816c44a784672b68eb83d262 phase=fetch event=progress.updated] 正在进行获取订阅源  5/6 (83%)  剩余 1
2026-08-10T03:57:46+00:00 WARNING [run=daedc350816c44a784672b68eb83d262 phase=fetch event=source.request_failed] 订阅源请求失败：❌ 请求https://tv.iill.top/m3u/Gather失败，已达到最大重试次数
2026-08-10T03:57:46+00:00 INFO    [run=daedc350816c44a784672b68eb83d262 phase=fetch event=progress.updated] 正在进行获取订阅源  6/6 (100%)  剩余 0
2026-08-10T03:57:46+00:00 INFO    [run=daedc350816c44a784672b68eb83d262 phase=fetch event=progress.updated] 正在进行获取EPG源  1/1 (100%)  剩余 0
2026-08-10T03:57:46+00:00 INFO    [run=daedc350816c44a784672b68eb83d262 phase=fetch event=sources.epg.finished] EPG源: ✅ 有效地址数量：1，⛔ 停用地址数量：0
2026-08-10T03:57:46+00:00 INFO    [run=daedc350816c44a784672b68eb83d262 phase=fetch event=progress.finished] 正在进行获取EPG源  1/1  匹配 50 个频道
2026-08-10T03:57:46+00:00 INFO    [run=daedc350816c44a784672b68eb83d262 phase=fetch event=sources.subscribe.finished] 订阅源: ✅ 有效地址数量：6，⛔ 停用地址数量：0
2026-08-10T03:57:46+00:00 INFO    [run=daedc350816c44a784672b68eb83d262 phase=fetch event=progress.finished] 正在进行获取订阅源  6/6  未匹配 447
2026-08-10T03:57:48+00:00 INFO    [run=daedc350816c44a784672b68eb83d262 phase=aggregate event=channels.aggregated] 频道数据聚合完成：68 个频道，95 个接口（IPv4 48 / IPv6 47）
2026-08-10T03:57:48+00:00 INFO    [run=daedc350816c44a784672b68eb83d262 phase=speed_test event=speed_test.planned] 总接口数量: 95, 需要进行测速的接口数量: 48
2026-08-10T03:57:48+00:00 INFO    [run=daedc350816c44a784672b68eb83d262 phase=speed_test event=progress.started] 测速  0/48
2026-08-10T03:57:52+00:00 INFO    [run=daedc350816c44a784672b68eb83d262 phase=speed_test event=progress.updated] 测速  1/48 (2%)  有效 0  失败 1  CCTV1
2026-08-10T03:57:58+00:00 INFO    [run=daedc350816c44a784672b68eb83d262 phase=speed_test event=progress.updated] 测速  6/48 (12%)  有效 0  失败 6  CCTV5
2026-08-10T03:58:08+00:00 INFO    [run=daedc350816c44a784672b68eb83d262 phase=speed_test event=progress.updated] 测速  11/48 (22%)  有效 1  失败 10  CCTV12
2026-08-10T03:58:08+00:00 INFO    [run=daedc350816c44a784672b68eb83d262 phase=speed_test event=progress.updated] 测速  16/48 (33%)  有效 1  失败 15  CCTV15
2026-08-10T03:58:18+00:00 INFO    [run=daedc350816c44a784672b68eb83d262 phase=speed_test event=progress.updated] 测速  21/48 (43%)  有效 1  失败 20  CCTV4K
2026-08-10T03:58:20+00:00 INFO    [run=daedc350816c44a784672b68eb83d262 phase=speed_test event=progress.updated] 测速  26/48 (54%)  有效 1  失败 25  湖南卫视
2026-08-10T03:58:28+00:00 INFO    [run=daedc350816c44a784672b68eb83d262 phase=speed_test event=progress.updated] 测速  31/48 (64%)  有效 1  失败 30  安徽卫视
2026-08-10T03:58:32+00:00 INFO    [run=daedc350816c44a784672b68eb83d262 phase=speed_test event=progress.updated] 测速  36/48 (75%)  有效 1  失败 35  深圳卫视
2026-08-10T03:58:36+00:00 INFO    [run=daedc350816c44a784672b68eb83d262 phase=speed_test event=progress.updated] 测速  41/48 (85%)  有效 1  失败 40  浙江民生
2026-08-10T03:58:38+00:00 INFO    [run=daedc350816c44a784672b68eb83d262 phase=speed_test event=progress.updated] 测速  46/48 (95%)  有效 1  失败 45  海南卫视
2026-08-10T03:58:41+00:00 INFO    [run=daedc350816c44a784672b68eb83d262 phase=speed_test event=progress.updated] 测速  48/48 (100%)  有效 2  失败 46  浙江经视
2026-08-10T03:58:41+00:00 INFO    [run=daedc350816c44a784672b68eb83d262 phase=speed_test event=speed_test.artifacts_written] 测速明细已写入 output/log/speed_test.log，有效结果已写入 output/log/result.log
2026-08-10T03:58:41+00:00 INFO    [run=daedc350816c44a784672b68eb83d262 phase=speed_test event=progress.finished] 测速  48/48  有效 2  失败 46
2026-08-10T03:58:41+00:00 INFO    [run=daedc350816c44a784672b68eb83d262 phase=output event=output.written] 结果文件生成完成：更新 3 个文件
2026-08-10T03:58:41+00:00 INFO    [run=daedc350816c44a784672b68eb83d262 phase=statistics event=statistics.finished] 频道统计完成：测试 48，有效 2
2026-08-10T03:58:41+00:00 INFO    [run=daedc350816c44a784672b68eb83d262 phase=complete event=run.summary] 更新摘要
2026-08-10T03:58:41+00:00 INFO    [run=daedc350816c44a784672b68eb83d262 phase=complete event=run.finished] 更新完成！总耗时：00:58
